C51 COMPILER V9.54   MAIN                                                                  01/18/2023 17:11:18 PAGE 1   


C51 COMPILER V9.54, COMPILATION OF MODULE MAIN
OBJECT MODULE PLACED IN .\Objects\main.obj
COMPILER INVOKED BY: C:\51\keil5\C51\BIN\C51.EXE main.c OPTIMIZE(8,SPEED) BROWSE DEBUG OBJECTEXTEND PRINT(.\Listings\mai
                    -n.lst) OBJECT(.\Objects\main.obj)

line level    source

   1          #include <REGX52.H>
   2          #include "LCD1602.h"
   3          #include "Delay.h"
   4          #include "TIMER0.H"
*** WARNING C318 IN LINE 4 OF main.c: can't open file 'TIMER0.H'
   5          
   6          unsigned char sec=15,min=11,hour=17;
   7          void main()
   8          {
   9   1              LCD_Init();
  10   1              Timer0Init();
*** WARNING C206 IN LINE 10 OF main.c: 'Timer0Init': missing function-prototype
  11   1              LCD_ShowString(1,1,"Clock:");   
  12   1              while(1)
  13   1              {
  14   2                      LCD_ShowNum(2,1,hour,2);
  15   2                      LCD_ShowString(2,3,":");        
  16   2                      LCD_ShowNum(2,4,min,2);
  17   2                      LCD_ShowString(2,6,":");
  18   2                      LCD_ShowNum(2,7,sec,2);
  19   2                      
  20   2              }
  21   1      }
  22          
  23          void Timer0_Rontine() interrupt 1
  24          { 
  25   1              static unsigned int T0count;
  26   1              TL0 = 0x66;             
  27   1              TH0 = 0xFC;     
  28   1              T0count++;
  29   1              if(T0count>=1000)
  30   1              {
  31   2                      T0count=0;
  32   2                      sec++;
  33   2                      if(sec>=60)
  34   2                      {
  35   3                              sec=0;
  36   3                              min++;
  37   3                              if(min>=60)
  38   3                              {
  39   4                                      min=0;                          
  40   4                                      hour++;
  41   4                                      if(hour>=24)
  42   4                                              hour=0;
  43   4                              }
  44   3                      }
  45   2                      
  46   2              }
  47   1      }


MODULE INFORMATION:   STATIC OVERLAYABLE
   CODE SIZE        =    163    ----
   CONSTANT SIZE    =      9    ----
C51 COMPILER V9.54   MAIN                                                                  01/18/2023 17:11:18 PAGE 2   

   XDATA SIZE       =   ----    ----
   PDATA SIZE       =   ----    ----
   DATA SIZE        =      5    ----
   IDATA SIZE       =   ----    ----
   BIT SIZE         =   ----    ----
END OF MODULE INFORMATION.


C51 COMPILATION COMPLETE.  2 WARNING(S),  0 ERROR(S)
