C51 COMPILER V9.54   MAIN                                                                  01/11/2023 23:10:41 PAGE 1   


C51 COMPILER V9.54, COMPILATION OF MODULE MAIN
OBJECT MODULE PLACED IN .\Objects\main.obj
COMPILER INVOKED BY: C:\51\keil5\C51\BIN\C51.EXE main.c OPTIMIZE(8,SPEED) BROWSE DEBUG OBJECTEXTEND PRINT(.\Listings\mai
                    -n.lst) OBJECT(.\Objects\main.obj)

line level    source

   1          #include <REGX52.H>
   2          #include "Delay.h"
*** WARNING C315 IN LINE 1 OF Delay.h: unknown #directive 'ifndef_DELAY_H_'
*** WARNING C315 IN LINE 2 OF Delay.h: unknown #directive 'define_DELAY_H_'
*** WARNING C312 IN LINE 6 OF Delay.h: misplaced endif control
   3          #include "number.h"
*** WARNING C315 IN LINE 1 OF number.h: unknown #directive 'ifndef_NUMBER_H'
*** WARNING C315 IN LINE 2 OF number.h: unknown #directive 'define_NUMBER_H'
*** WARNING C312 IN LINE 6 OF number.h: misplaced endif control
   4          
   5          void main()
   6          {
   7   1              
   8   1              while(1)
   9   1              {
  10   2                      number(1,1);
  11   2               Delay(1000);
  12   2                      number(2,2);
  13   2                       Delay(1000);
  14   2                      number(3,3);
  15   2                       Delay(1000);
  16   2                      number(4,4);
  17   2                       Delay(1000);
  18   2              }
  19   1      }


MODULE INFORMATION:   STATIC OVERLAYABLE
   CODE SIZE        =     50    ----
   CONSTANT SIZE    =   ----    ----
   XDATA SIZE       =   ----    ----
   PDATA SIZE       =   ----    ----
   DATA SIZE        =   ----    ----
   IDATA SIZE       =   ----    ----
   BIT SIZE         =   ----    ----
END OF MODULE INFORMATION.


C51 COMPILATION COMPLETE.  6 WARNING(S),  0 ERROR(S)
