C51 COMPILER V9.54   MAIN                                                                  01/14/2023 23:25:08 PAGE 1   


C51 COMPILER V9.54, COMPILATION OF MODULE MAIN
OBJECT MODULE PLACED IN .\Objects\main.obj
COMPILER INVOKED BY: C:\51\keil5\C51\BIN\C51.EXE main.c OPTIMIZE(8,SPEED) BROWSE DEBUG OBJECTEXTEND PRINT(.\Listings\mai
                    -n.lst) OBJECT(.\Objects\main.obj)

line level    source

   1          #include <REGX52.H>
   2          #include "Delay.h"
   3          #include "LCD1602.h"
   4          #include "MatrixKey.h"
   5          
   6          unsigned char keynum;
   7          unsigned int Password,count;
   8          
   9          void main()
  10          {
  11   1              
  12   1              LCD_Init();
  13   1              LCD_ShowString(1,1,"Password:");
  14   1              
  15   1              while(1)
  16   1              {
  17   2                      keynum=MatrixKey();
  18   2                      if(keynum)
  19   2                      {
  20   3                              if(keynum<=10)
  21   3                              {
  22   4                                      if(count<4)
  23   4                                      {
  24   5                                              Password*=10;
  25   5                                              Password+=keynum%10;
  26   5                                              count++;                                        
  27   5                                      }
  28   4                                      LCD_ShowNum(2,1,Password,4);                    
  29   4                              }
  30   3                              if(keynum==11)
  31   3                              {
  32   4                                      if(Password==2003)
  33   4                                      {
  34   5                                              LCD_ShowString(1,12,"OK  ");
  35   5                                              Password=0;
  36   5                                              count=0;
  37   5                                              LCD_ShowNum(2,1,Password,4);
  38   5                                      }
  39   4                                      else
  40   4                                      {
  41   5                                              LCD_ShowString(1,12,"erro");
  42   5                                              Password=0;
  43   5                                              count=0;
  44   5                                              LCD_ShowNum(2,1,Password,4);                            
  45   5                                      }
  46   4                              }
  47   3                              if(keynum==12)
  48   3                              {
  49   4                                      Password=0;
  50   4                                      count=0;
  51   4                                      LCD_ShowNum(2,1,Password,4);
  52   4                              }
  53   3                              
  54   3                      }       
C51 COMPILER V9.54   MAIN                                                                  01/14/2023 23:25:08 PAGE 2   

  55   2                      
  56   2                      
  57   2              }
  58   1      }


MODULE INFORMATION:   STATIC OVERLAYABLE
   CODE SIZE        =    189    ----
   CONSTANT SIZE    =     20    ----
   XDATA SIZE       =   ----    ----
   PDATA SIZE       =   ----    ----
   DATA SIZE        =      5    ----
   IDATA SIZE       =   ----    ----
   BIT SIZE         =   ----    ----
END OF MODULE INFORMATION.


C51 COMPILATION COMPLETE.  0 WARNING(S),  0 ERROR(S)
